// Jest Snapshot v1, https://goo.gl/fbAQLP

exports[`With Snapshot Testing HeaderLink renders the same way 1`] = `
<a
  className="link dim gray f6 f5-ns dib mr3"
  href="#"
/>
`;
