exports[`With Snapshot Testing Avatar renders the same way 1`] = `
<header
  className="tc pv4 pv5-ns">
  <img
    alt="avatar"
    className="br-100 pa1 ba b--black-10 h3 w3"
    src="d2s.jpg" />
  <h1
    className="f5 f4-ns fw6 mid-gray avatar-name" />
  <h2
    className="f6 gray fw2 ttu tracked avatar-country" />
</header>
`;
